// Jest Snapshot v1, https://goo.gl/fbAQLP

exports[`IssueList renders without crashing 1`] = `
<IssueList
  currentRepo={
    Object {
      "id": "1",
      "name": "Snarf",
      "owner": Object {
        "login": "Blaster",
      },
    }
  }
  fetchIssues={
    [MockFunction] {
      "calls": Array [
        Array [
          Object {
            "id": "Blaster",
          },
          "Snarf",
        ],
      ],
      "results": Array [
        Object {
          "type": "return",
          "value": undefined,
        },
      ],
    }
  }
  fetchRepos={[MockFunction]}
  history={
    Object {
      "push": [MockFunction],
    }
  }
  issues={Array []}
  match={
    Object {
      "params": Object {
        "name": "Snarf",
        "owner": Object {
          "id": "Blaster",
        },
      },
    }
  }
  repos={
    Array [
      Object {
        "id": "1",
        "name": "Snarf",
        "owner": Object {
          "login": "Blaster",
        },
      },
      Object {
        "id": "2",
        "name": "Mermaid",
        "owner": Object {
          "login": "Little",
        },
      },
    ]
  }
  updatePrioritizedIssues={[MockFunction]}
>
  <div
    className="IssueList"
    onDrop={[Function]}
  >
    <div
      className="IssueList__row IssueList__row--header"
    >
      <span
        className="IssueList__row--avatar"
      >
        Assignee
      </span>
      <span
        className="IssueList__row--title"
      >
        Issue Title
      </span>
      <span
        className="IssueList__row--created"
      >
        Created At
      </span>
      <span
        className="IssueList__row--updated"
      >
        Last Updated
      </span>
    </div>
  </div>
</IssueList>
`;
